exports[`test renders without crashing 1`] = `
<div>
  Hello world !
</div>
`;
